Ok
to end: 0
hmm end: 80494b0
a: 0
a: 1
a: 2
a: 3
a: 4
a: 5
a: 6
a: 7
m: -22
m-m2: 4096
a: 0
a: 256
a: 512
a: 768
a: 1024
a: 1280
a: 1536
a: 1792
a: 2048
a: 2304
a: 2560
a: 2816
a: 3072
a: 3328
a: 3584
a: 3840
a: 4096
a: 4352
a: 4608
a: 4864
