Ok
to end: 0
r: 138928128
r: 138928128
r: 138928160
a: 0
a: 1
a: 2
a: 3
a: 4
a: 5
a: 6
a: 7
m: -22
m: 140047129042944
m2: 140047129038848
m-m2: 4096
a: 0, addr: 140047129038848
a: 1, addr: 140047129039872
a: 2, addr: 140047129040896
a: 3, addr: 140047129041920
a: 4, addr: 140047129042944
a: 5, addr: 140047129043968
a: 6, addr: 140047129044992
a: 7, addr: 140047129046016
m3: 140047129034752
m2-m3: 4096
a: 0, addr: 140047129038848
a: 1, addr: 140047129037824
a: 2, addr: 140047129036800
a: 3, addr: 140047129035776
a: 4, addr: 140047129034752
a: 5, addr: 140047129033728
a: 6, addr: 140047129032704
a: 7, addr: 140047129031680
a: 8, addr: 140047129030656
a: 9, addr: 140047129029632
a: 10, addr: 140047129028608
a: 11, addr: 140047129027584
a: 12, addr: 140047129026560
a: 13, addr: 140047129025536
a: 14, addr: 140047129024512
a: 15, addr: 140047129023488
