quot: 2, rem: 1
quot: -2, rem: -1
quot: -2, rem: 1
