Fgets.
Got: X
Got c: X
Got: testing

Got c: testing

Got: fgets

Got c: fgets

