ok.
ok open
mlgl->pstream: 4
ok written
mlgl->pstream: 3
mlgl->pstream: 4
mlgl->pstream: 3
mlgl->pstream: 4
mlgl->pstream: 5
i: 24
Got:
Hallo 23
  xxx Hallo 42+   Ok.
mlgl->pstream: 5
mlgl->pstream: 3
#if 0

mini_start
mini_fopen
mini_feof
mini_fclose
mini_fprintf
mini_printf
mini_sprintf
mini_print
mini_itodec
mini_itohex
mini_itoHEX
mini_fileno
mini_puts
mini_read
mini_buf 1024
mini_INCLUDESRC

return
#endif


#include "minilib/minilib.h"


int main( int argc, char *argv[] ){
		puts("ok.");

		FILE *f = fopen( "tl.test", "w" );

		puts("ok open");
		fprintf( f, "Hallo 23\n" );
		printf( "mlgl->pstream: %d\n", mlgl->pstream );

		puts("ok written");
		fclose(f);

		printf( "mlgl->pstream: %d\n", mlgl->pstream );
		f = fopen( "tl.test", "a+" );
		fprintf( f, "  xxx Hallo 42\n" );

		printf( "mlgl->pstream: %d\n", mlgl->pstream );
		fclose(f);

		printf( "mlgl->pstream: %d\n", mlgl->pstream );
		f = fopen( "tl.test", "r" );
	
		printf( "mlgl->pstream: %d\n", mlgl->pstream );
		FILE* f2 = fopen( "t2.test", "w" );

		printf( "mlgl->pstream: %d\n", mlgl->pstream );
		char buf[128];

		int i = read( fileno(f), buf, 40 );
		write( fileno(f2), buf, i );
		write( fileno(f2), "\nSososo\n\nXXX", 12 );
		printf("i: %d\n", i );
		buf[i-1]=0;
		puts("Got:");
		print(buf);
		puts("+   Ok.");
	
		fclose(f);

		printf( "mlgl->pstream: %d\n", mlgl->pstream );
		fclose(f2);

		printf( "mlgl->pstream: %d\n", mlgl->pstream );
		f = fopen( "fopen.c", "r" );
		char bbuf[4096];
		int r = read( fileno(f), bbuf, 2014 );
		puts( bbuf );

		printf("got: %d\n", r);

		//f2 = fopen( "t3.test", "w" );
		r = fwrite( &bbuf[32], 2, 5, stdout );
		printf("got: %d\n", r);

		//fclose(f);
		
		f2 = fopen("t3.test", "w" );
		for ( i=0x10; i<=0xFF; i++ ){
				sprintf(&bbuf[(i-0x10)*3], "%X\n", i );
		}
		puts("XXXXXXXXXXXXXXX");
		fwrite( bbuf, 6,10, f2 );
		fclose(f2);

		f2 = fopen("t3.test", "r" );
		char bufc[256];
		bufc[64] = 0;
		for ( i=0; i<=4; i++ ){
				fread( &bufc[i*6], 3, 2, f2 );
		}
		puts ( bufc );

		// check feof..
		if ( feof( f2 ) )
				puts("feof f2");
		else
				puts("not feof f2");

		i = 1;
		bufc[13] = 0;
		for ( i=0; (!feof(f2)) && ( i<4); i++ ){
			int r = fread(bufc, 3,4,f2 );
			print
got: 2014
i_feof
mingot: 5
XXXXXXXXXXXXXXX
10
11
12
13
14
15
16
17
18
19

not feof f2
i:  0, r: 4, buf: 1A
1B
1C
1D
1i:  1, r: 4, buf: 1E
1F
20
21
1i:  2, r: 2, buf: 22
23
20
21
1
setpos: 7
i:  0, r: 4, buf: 2
13
14
15
11i:  1, r: 4, buf: 6
17
18
19
11i:  2, r: 4, buf: A
1B
1C
1D
11i:  3, r: 4, buf: E
1F
20
21
21
ftell: 55

setpos: 13

ftell: 13
i:  0, r: 4, buf: 4
15
16
17
11i:  1, r: 4, buf: 8
19
1A
1B
11i:  2, r: 4, buf: C
1D
1E
1F
21i:  3, r: 3, buf: 0
21
22
23
21
ftell: 60

setpos: 88

ftell: 88
i:  0, r: 0, buf: 0
21
22
23
21
ftell: 88
10
1  (t3)
1
12  (t3)

13
  (t3)
14
1  (t3)
5
16  (t3)

17
  (t3)
18
1  (t3)
9
1A  (t3)

1B
  (t3)
1C
1  (t3)
D
1E  (t3)

1F
  (t3)
20
2  (t3)
1
22  (t3)

23
  (t3)
Appe  (t3)
ndin  (t3)
g
in  (t3)
10
11
12
13
14
15
16
17
18
19
1A
1B
1C
1D
1E
1F
20
21
22
23
Appending
ZZZZZ
10
11
12
13
YYYY5
16
17
18
19
1A
1B
1C
1D
1E
1F
20
21
22
23
Appending
ZZZZZ
Truncated
Ok..
