stdio.
Check d 12345 12345
Check d 12345 12345
sizeof int: 4
sizeof long: 8
sizeof long long: 8
padded string:      end
padded string: e
padded num: - 12-
padded num: -012-
padded num 3301: - 000003301-
