./getgrgid
> daemon - 2 - root bin daemon
nope
> micha - 1000 - 
> daemon - 2 - root bin daemon
