./getgrnam
> bin - 1 - root bin daemon
> bin - 1 - root bin daemon
> root - 0 - root
> micha - 1000 - 
> bin - 1 - root bin daemon
> bin - 1 - root bin daemon
> bin - 1 - root bin daemon
> root - 0 - root
> micha - 1000 - 
> bin - 1 - root bin daemon
================
> micha - 1000 - 
================
================
> bin - 1 - root bin daemon
> wheel - 10 - root micha
> portage - 250 - portage
