./getpwuid
found: openvpn - gec: User for net-vpn/openvpn - /dev/null - /sbin/nologin
found: micha - gec:  - /home/micha - /bin/mksh
> root - /bin/zsh
> bin - /bin/false
> daemon - /bin/false
> adm - /bin/false
> lp - /bin/false
> sync - /bin/sync
> shutdown - /sbin/shutdown
> halt - /sbin/halt
> news - /bin/false
> uucp - /bin/false
> operator - /sbin/nologin
> portage - /bin/false
> nobody - /bin/false
> man - /sbin/nologin
> sshd - /sbin/nologin
> micha - /bin/mksh
> messagebus - /sbin/nologin
> polipo - /sbin/nologin
> dnscrypt-proxy - /sbin/nologin
> morpheus - /bin/bash
> l - /bin/mksh
> krb5-micha - /bin/mksh
> privoxy - /sbin/nologin
> openvpn - /sbin/nologin
> root - /bin/zsh
> bin - /bin/false
> daemon - /bin/false
> adm - /bin/false
> lp - /bin/false
> sync - /bin/sync
> shutdown - /sbin/shutdown
> halt - /sbin/halt
> news - /bin/false
> uucp - /bin/false
> operator - /sbin/nologin
> portage - /bin/false
> nobody - /bin/false
> man - /sbin/nologin
> sshd - /sbin/nologin
> micha - /bin/mksh
> messagebus - /sbin/nologin
> polipo - /sbin/nologin
> dnscrypt-proxy - /sbin/nologin
> morpheus - /bin/bash
> l - /bin/mksh
> krb5-micha - /bin/mksh
> privoxy - /sbin/nologin
> openvpn - /sbin/nologin
found: micha - 1000:1000 - gec:  - shell: /bin/mksh
found: privoxy - 998:997 - gec: added by portage for privoxy - shell: /sbin/nologin
