Ok
sizeof long: 8
1234: 1234
1234: 0.000.001.234
argc: 1
fmt, 9001: 9001
fmt, 9001: 9001
fmt, 9001: 9001
fmt, 9001: 0009001
