write
Ok.
malloc1
malloc2
23456789:;<=>?@ABCDEFGHIJKLMNOPQR
Ok
malloc3
&'()*+,-./0123456789:;<=>?@ABCDEFGHIJKLMNOPQRSTUVWXYZ[\]^_`abcde
23456789:;<=>?@ABCDEFGHIJKLMNOPQR
&'()*+,-./0123456789:;<=>?@ABCDEFGHIJKLMNOPQRSTUVWXYZ[\]^_`abcde
'()*+,-./0123456789:;<=>?@ABCDEFGHIJKLMNOPQRSTUVWXYZ[\]^_`abcdef[033m -> bufsize ( 1 ) [0;38m
ml.mbufsize: 824
ml.mbufsize: 804
a1: 42
a2[0]: 13
a2[1]: 23
a2[2]: 2
a2[3]: 42
i[-1]: 23
i[0]: (len of a1) 2
i[1]: 42
i[2]: 33
ml.mbufsize: 804
mbuf: 3
mbuf: 13
Bottom a2
i[-1]: 0
i[0]: 3
i[1]: 1976
i[2]: 23
ml.mbufsize: 804
ml.mbufsize: 816
ml.mbufsize: 824
ml.mbufsize: 808
ml.mbufsize: 824
ml.mbufsize: 824
ml.mbufsize: 804
i2[0]: (len of a3) 2
i2[1]: 47
i2[2]: (len of a4) 3
i2[3]: 1333
i2[4]: 23100
i2[5]: (len of next area) 0x21
ml.mbufsize: 804
a4 free'd
ml.mbufsize: 804
i2[0]: (len of a3) 2
i2[1]: 47
i2[2]: (len of a4) 0x80000003
i2[3]: 1333
i2[4]: 2
i2[5]: (len of next area) 0x20000021
a3 free'd
ml.mbufsize: 824
i2[0]: (len of a3) 2
i2[1]: 47
i2[2]: (len of a4) 0x80000003
i2[3]: 1333
i2[4]: 2
i2[5]: (len of next area) 0x20000021
=============
ml.mbufsize: 804
i2[0]: (len of a3) 3
i2[1]: 3314
i2[2]: 1234
i2[3]: (len of a4) 0x2
i2[4]: 77
i2[5]: (len of next area) 0x21
[1;36m===== allocated a1 - a4
[0;38mml.mbufsize: [1;31m784
[0;38m[033m -> bufsize ( 784 ) [0;38mp[0]: 0x3 = 3 
                   p[1]: 0x0 = 0 
                   p[2]: 0xa = 10 
                   p[3]: 0x2 = 2 
                   p[4]: 0x16 = 22 
                   p[5]: 0x3 = 3 
                   p[6]: 0xcf3 = 3315 
                   p[7]: 0x4d3 = 1235 
                   p[8]: 0x2 = 2 
                   p[9]: 0x4e = 78 
                   p[10]: 0x21 = 33 
[1;36m===== free'd a3, a2
[0;38mml.mbufsize: [1;31m784
[0;38m[033m -> bufsize ( 784 ) [0;38mp[0]: 0x3 = 3 
                   p[1]: 0x0 = 0 
                   p[2]: 0xa = 10 
                   [1;32mp[3]: 0x80000005[0;38m = -2147483643 
                   p[4]: 0x16 = 22 
                   [1;32mp[5]: 0x80000003[0;38m = -2147483645 
                   p[6]: 0xcf3 = 3315 
                   p[7]: 0x4 = 4 
                   [1;32mp[8]: 0x20000002[0;38m = 536870914 
                   p[9]: 0x4e = 78 
                   p[10]: 0x21 = 33 
[1;36m===== free'd a1
[0;38mml.mbufsize: [1;31m816
[0;38m                   p[0]: 0x3 = 3 
                   p[1]: 0x0 = 0 
                   p[2]: 0xa = 10 
                   [1;32mp[3]: 0x80000005[0;38m = -2147483643 
                   p[4]: 0x16 = 22 
                   [1;32mp[5]: 0x80000003[0;38m = -2147483645 
                   p[6]: 0xcf3 = 3315 
                   p[7]: 0x4 = 4 
[033m -> bufsize ( 816 ) [0;38m[1;32mp[8]: 0x20000002[0;38m = 536870914 
                   p[9]: 0x4e = 78 
                   p[10]: 0x21 = 33 
[1;33m==================
[0;38mml.mbufsize: 804
i2[0]: (len of a3) 3
i2[1]: 3314
i2[2]: 1234
i2[3]: (len of a4) 0x2
i2[4]: 77
i2[5]: (len of next area) 0x21
[1;36m===== allocated a1 - a4
[0;38mml.mbufsize: [1;31m784
[0;38m[033m -> bufsize ( 784 ) [0;38mp[0]: 0x3 = 3 
                   p[1]: 0x0 = 0 
                   p[2]: 0xa = 10 
                   p[3]: 0x2 = 2 
                   p[4]: 0x16 = 22 
                   p[5]: 0x3 = 3 
                   p[6]: 0xcf3 = 3315 
                   p[7]: 0x4d3 = 1235 
                   p[8]: 0x2 = 2 
                   p[9]: 0x4e = 78 
                   p[10]: 0x21 = 33 
[1;36m===== free'd a2
[0;38mml.mbufsize: [1;31m784
[0;38m[033m -> bufsize ( 784 ) [0;38mp[0]: 0x3 = 3 
                   p[1]: 0x0 = 0 
                   p[2]: 0xa = 10 
                   [1;32mp[3]: 0x80000002[0;38m = -2147483646 
                   p[4]: 0x1 = 1 
                   [1;32mp[5]: 0x20000003[0;38m = 536870915 
                   p[6]: 0xcf3 = 3315 
                   p[7]: 0x4d3 = 1235 
                   p[8]: 0x2 = 2 
                   p[9]: 0x4e = 78 
                   p[10]: 0x21 = 33 
[1;36m===== free'd a1
[0;38mml.mbufsize: [1;31m804
[0;38m                   p[0]: 0x3 = 3 
                   p[1]: 0x0 = 0 
                   p[2]: 0xa = 10 
                   [1;32mp[3]: 0x80000002[0;38m = -2147483646 
                   p[4]: 0x1 = 1 
[033m -> bufsize ( 804 ) [0;38m[1;32mp[5]: 0x20000003[0;38m = 536870915 
                   p[6]: 0xcf3 = 3315 
                   p[7]: 0x4d3 = 1235 
                   p[8]: 0x2 = 2 
                   p[9]: 0x4e = 78 
                   p[10]: 0x21 = 33 
[1;36m===== free'd a3
[0;38mml.mbufsize: [1;31m816
[0;38m                   p[0]: 0x3 = 3 
                   p[1]: 0x0 = 0 
                   p[2]: 0xa = 10 
                   [1;32mp[3]: 0x80000002[0;38m = -2147483646 
                   p[4]: 0x1 = 1 
                   [1;32mp[5]: 0x20000003[0;38m = 536870915 
                   p[6]: 0xcf3 = 3315 
                   p[7]: 0x4d3 = 1235 
[033m -> bufsize ( 816 ) [0;38mp[8]: 0x2 = 2 
                   p[9]: 0x4e = 78 
                   p[10]: 0x21 = 33 
[1;36m===== free'd a4
[0;38mml.mbufsize: [1;31m824
[0;38m                   p[0]: 0x3 = 3 
                   p[1]: 0x0 = 0 
                   p[2]: 0xa = 10 
                   [1;32mp[3]: 0x80000002[0;38m = -2147483646 
                   p[4]: 0x1 = 1 
                   [1;32mp[5]: 0x20000003[0;38m = 536870915 
                   p[6]: 0xcf3 = 3315 
                   p[7]: 0x4d3 = 1235 
                   p[8]: 0x2 = 2 
                   p[9]: 0x4e = 78 
[033m -> bufsize ( 824 ) [0;38mp[10]: 0x21 = 33 
[1;35m==================
[0;38m[1;36m===== allocated a1 - a4
[0;38mml.mbufsize: [1;31m784
[0;38m[033m -> bufsize ( 784 ) [0;38mp[0]: 0x3 = 3 
                   p[1]: 0x25 = 37 
                   p[2]: 0x3e9 = 1001 
                   p[3]: 0x2 = 2 
                   p[4]: 0x8ae = 2222 
                   p[5]: 0x3 = 3 
                   p[6]: 0xc = 12 
                   p[7]: 0x5b3e9 = 373737 
                   p[8]: 0x2 = 2 
                   p[9]: 0x2d = 45 
                   p[10]: 0x21 = 33 
[1;36m===== free'd a4
[0;38mml.mbufsize: [1;31m784
[0;38m[033m -> bufsize ( 784 ) [0;38mp[0]: 0x3 = 3 
                   p[1]: 0x25 = 37 
                   p[2]: 0x3e9 = 1001 
                   p[3]: 0x2 = 2 
                   p[4]: 0x8ae = 2222 
                   p[5]: 0x3 = 3 
                   p[6]: 0xc = 12 
                   p[7]: 0x5b3e9 = 373737 
                   [1;32mp[8]: 0x80000002[0;38m = -2147483646 
                   p[9]: 0x1 = 1 
                   [1;32mp[10]: 0x20000021[0;38m = 536870945 
[1;36m===== free'd a2
[0;38mml.mbufsize: [1;31m784
[0;38m[033m -> bufsize ( 784 ) [0;38mp[0]: 0x3 = 3 
                   p[1]: 0x25 = 37 
                   p[2]: 0x3e9 = 1001 
                   [1;32mp[3]: 0x80000002[0;38m = -2147483646 
                   p[4]: 0x1 = 1 
                   [1;32mp[5]: 0x20000003[0;38m = 536870915 
                   p[6]: 0xc = 12 
                   p[7]: 0x5b3e9 = 373737 
                   [1;32mp[8]: 0x80000002[0;38m = -2147483646 
                   p[9]: 0x1 = 1 
                   [1;32mp[10]: 0x20000021[0;38m = 536870945 
[1;36m===== free'd a1
[0;38mml.mbufsize: [1;31m804
[0;38m                   p[0]: 0x3 = 3 
                   p[1]: 0x25 = 37 
                   p[2]: 0x3e9 = 1001 
                   [1;32mp[3]: 0x80000002[0;38m = -2147483646 
                   p[4]: 0x1 = 1 
[033m -> bufsize ( 804 ) [0;38m[1;32mp[5]: 0x20000003[0;38m = 536870915 
                   p[6]: 0xc = 12 
                   p[7]: 0x5b3e9 = 373737 
                   [1;32mp[8]: 0x80000002[0;38m = -2147483646 
                   p[9]: 0x1 = 1 
                   [1;32mp[10]: 0x20000021[0;38m = 536870945 
[1;36m===== free'd a3
[0;38mml.mbufsize: [1;31m824
[0;38m                   p[0]: 0x3 = 3 
                   p[1]: 0x25 = 37 
                   p[2]: 0x3e9 = 1001 
                   [1;32mp[3]: 0x80000002[0;38m = -2147483646 
                   p[4]: 0x1 = 1 
                   [1;32mp[5]: 0x20000003[0;38m = 536870915 
                   p[6]: 0xc = 12 
                   p[7]: 0x5b3e9 = 373737 
                   [1;32mp[8]: 0x80000002[0;38m = -2147483646 
                   p[9]: 0x1 = 1 
[033m -> bufsize ( 824 ) [0;38m[1;32mp[10]: 0x20000021[0;38m = 536870945 
[1;35m==================
[0;38m[1;36m===== allocated a1 - a4
[0;38mml.mbufsize: [1;31m784
[0;38m[033m -> bufsize ( 784 ) [0;38mp[0]: 0x3 = 3 
                   p[1]: 0x25 = 37 
                   p[2]: 0x3e9 = 1001 
                   p[3]: 0x2 = 2 
                   p[4]: 0x8ae = 2222 
                   p[5]: 0x3 = 3 
                   p[6]: 0xc = 12 
                   p[7]: 0x5b3e9 = 373737 
                   p[8]: 0x2 = 2 
                   p[9]: 0x2d = 45 
                   p[10]: 0x21 = 33 
[1;36m===== free'd a4
[0;38mml.mbufsize: [1;31m784
[0;38m[033m -> bufsize ( 784 ) [0;38mp[0]: 0x3 = 3 
                   p[1]: 0x25 = 37 
                   p[2]: 0x3e9 = 1001 
                   p[3]: 0x2 = 2 
                   p[4]: 0x8ae = 2222 
                   p[5]: 0x3 = 3 
                   p[6]: 0xc = 12 
                   p[7]: 0x5b3e9 = 373737 
                   [1;32mp[8]: 0x80000002[0;38m = -2147483646 
                   p[9]: 0x1 = 1 
                   [1;32mp[10]: 0x20000021[0;38m = 536870945 
[1;36m===== free'd a2
[0;38mml.mbufsize: [1;31m784
[0;38m[033m -> bufsize ( 784 ) [0;38mp[0]: 0x3 = 3 
                   p[1]: 0x25 = 37 
                   p[2]: 0x3e9 = 1001 
                   [1;32mp[3]: 0x80000002[0;38m = -2147483646 
                   p[4]: 0x1 = 1 
                   [1;32mp[5]: 0x20000003[0;38m = 536870915 
                   p[6]: 0xc = 12 
                   p[7]: 0x5b3e9 = 373737 
                   [1;32mp[8]: 0x80000002[0;38m = -2147483646 
                   p[9]: 0x1 = 1 
                   [1;32mp[10]: 0x20000021[0;38m = 536870945 
[1;36m===== free'd a3
[0;38mml.mbufsize: [1;31m784
[0;38m[033m -> bufsize ( 784 ) [0;38mp[0]: 0x3 = 3 
                   p[1]: 0x25 = 37 
                   p[2]: 0x3e9 = 1001 
                   [1;32mp[3]: 0x80000007[0;38m = -2147483641 
                   p[4]: 0x1 = 1 
                   [1;32mp[5]: 0x20000003[0;38m = 536870915 
                   p[6]: 0xc = 12 
                   p[7]: 0x5b3e9 = 373737 
                   [1;32mp[8]: 0x80000002[0;38m = -2147483646 
                   p[9]: 0x6 = 6 
                   [1;32mp[10]: 0x20000021[0;38m = 536870945 
[1;36m===== free'd a1
[0;38mml.mbufsize: [1;31m824
[0;38m                   p[0]: 0x3 = 3 
                   p[1]: 0x25 = 37 
                   p[2]: 0x3e9 = 1001 
                   [1;32mp[3]: 0x80000007[0;38m = -2147483641 
                   p[4]: 0x1 = 1 
                   [1;32mp[5]: 0x20000003[0;38m = 536870915 
                   p[6]: 0xc = 12 
                   p[7]: 0x5b3e9 = 373737 
                   [1;32mp[8]: 0x80000002[0;38m = -2147483646 
                   p[9]: 0x6 = 6 
[033m -> bufsize ( 824 ) [0;38m[1;32mp[10]: 0x20000021[0;38m = 536870945 
[1;35m==================
[0;38m[1;36m===== allocated a1 - a4
[0;38mml.mbufsize: [1;31m784
[0;38m[033m -> bufsize ( 784 ) [0;38mp[0]: 0x3 = 3 
                   p[1]: 0x25 = 37 
                   p[2]: 0x3e9 = 1001 
                   p[3]: 0x2 = 2 
                   p[4]: 0x8ae = 2222 
                   p[5]: 0x3 = 3 
                   p[6]: 0xc = 12 
                   p[7]: 0x5b3e9 = 373737 
                   p[8]: 0x2 = 2 
                   p[9]: 0x2d = 45 
                   p[10]: 0x21 = 33 
[1;36m===== free'd a2
[0;38mml.mbufsize: [1;31m784
[0;38m[033m -> bufsize ( 784 ) [0;38mp[0]: 0x3 = 3 
                   p[1]: 0x25 = 37 
                   p[2]: 0x3e9 = 1001 
                   [1;32mp[3]: 0x80000002[0;38m = -2147483646 
                   p[4]: 0x1 = 1 
                   [1;32mp[5]: 0x20000003[0;38m = 536870915 
                   p[6]: 0xc = 12 
                   p[7]: 0x5b3e9 = 373737 
                   p[8]: 0x2 = 2 
                   p[9]: 0x2d = 45 
                   p[10]: 0x21 = 33 
[1;36m===== free'd a4
[0;38mml.mbufsize: [1;31m784
[0;38m[033m -> bufsize ( 784 ) [0;38mp[0]: 0x3 = 3 
                   p[1]: 0x25 = 37 
                   p[2]: 0x3e9 = 1001 
                   [1;32mp[3]: 0x80000002[0;38m = -2147483646 
                   p[4]: 0x1 = 1 
                   [1;32mp[5]: 0x20000003[0;38m = 536870915 
                   p[6]: 0xc = 12 
                   p[7]: 0x5b3e9 = 373737 
                   [1;32mp[8]: 0x80000002[0;38m = -2147483646 
                   p[9]: 0x1 = 1 
                   [1;32mp[10]: 0x20000021[0;38m = 536870945 
[1;36m===== free'd a3
[0;38mml.mbufsize: [1;31m784
[0;38m[033m -> bufsize ( 784 ) [0;38mp[0]: 0x3 = 3 
                   p[1]: 0x25 = 37 
                   p[2]: 0x3e9 = 1001 
                   [1;32mp[3]: 0x80000007[0;38m = -2147483641 
                   p[4]: 0x1 = 1 
                   [1;32mp[5]: 0x20000003[0;38m = 536870915 
                   p[6]: 0xc = 12 
                   p[7]: 0x5b3e9 = 373737 
                   [1;32mp[8]: 0x80000002[0;38m = -2147483646 
                   p[9]: 0x6 = 6 
                   [1;32mp[10]: 0x20000021[0;38m = 536870945 
[1;36m===== free'd a1
[0;38mml.mbufsize: [1;31m824
[0;38m                   p[0]: 0x3 = 3 
                   p[1]: 0x25 = 37 
                   p[2]: 0x3e9 = 1001 
                   [1;32mp[3]: 0x80000007[0;38m = -2147483641 
                   p[4]: 0x1 = 1 
                   [1;32mp[5]: 0x20000003[0;38m = 536870915 
                   p[6]: 0xc = 12 
                   p[7]: 0x5b3e9 = 373737 
                   [1;32mp[8]: 0x80000002[0;38m = -2147483646 
                   p[9]: 0x6 = 6 
[033m -> bufsize ( 824 ) [0;38m[1;32mp[10]: 0x20000021[0;38m = 536870945 
