=== text: text  re: t*t
Matched
=== text: texttext2  re: t*xt2
Matched
=== text: texttext2  re: t*
Matched
=== text: texttext2  re: *x*x*
Matched
=== text: texttext2text3text2text1  re: t*xt2*xt1
Matched
=== text: texttext2text3text2text1  re: t*xt2*xt1
Matched
=== text: texttext2text3text2text1  re: t*xt2*st3*text1
No match
=== text: texttext2text3text2text1  re: t*xt2*xt3*text1
Matched
=== text: texttext2text3text2text1text3text1  re: t*xt2*xt3*text1
Matched
=== text: texttext2text3text2text1text3text1  re: t*t?xt3*text1
Matched
---------------
=== text: text  re: t%1t
Match num: %1, len: 2
--- ex ---
 Matched
=== text: texttext2  re: t%1xt2
Match num: %1, len: 5
--- extte ---
 Matched
=== text: texttext2  re: t%1
Match num: %1, len: 8
--- exttext2 ---
 Matched
=== text: texttext2  re: *x%1x*
Match num: %1, len: 3
--- tte ---
 Matched
=== text: texttext2  re: %1x*
Match num: %1, len: 2
--- te ---
 Matched
=== text: texttext2  re: %1
Match num: %1, len: 9
--- texttext2 ---
 Matched
=== text: text  re: t%t
Match num: %0, len: 2
--- ex ---
 Matched
=== text: texttext2  re: t%xt2
Match num: %0, len: 5
--- extte ---
 Matched
=== text: texttext2  re: t%
Match num: %0, len: 8
--- exttext2 ---
 Matched
=== text: texttext2  re: *x%x*
Match num: %0, len: 3
--- tte ---
 Matched
=== text: texttext2  re: %x*
Match num: %0, len: 2
--- te ---
 Matched
=== text: texttext2  re: %
Match num: %0, len: 9
--- texttext2 ---
 Matched
=== text: TExttext2  re: %xt%
Match num: %0, len: 5
--- text2 ---
Match num: %0, len: 2
--- TE ---
 Matched
=== text: texttext2  re: %xt*
Match num: %0, len: 2
--- te ---
 Matched
---------------
=== text: texttext2  re: %xt2*
Match num: %0, len: 6
--- textte ---
 Matched
=== text: texttext2  re: %xt!2*
Match num: %0, len: 2
--- te ---
 Matched
---------------
---------------
=== text: texttext2  re: te%2x%3
Match num: %3, len: 2
--- t2 ---
Match num: %2, len: 4
--- xtte ---
 Matched
---------------
=== text: texttext2  re: te%2x%3
Match num: %3, len: 2
--- t2 ---
Match num: %2, len: 4
--- xtte ---
 Matched
stmatch: xtte
=== text: texttext2  re: te%2x%$
Match char : 2, num: 0
 Match
Match num: %0, len: 1
--- t ---
Match num: %2, len: 4
--- xtte ---
 Matched
stmatch: xtte
---------------
=== text: texttext2  re: te%2x%3
Match num: %3, len: 2
--- t2 ---
Match num: %2, len: 4
--- xtte ---
 Matched
stmatch: xtte
=== text: texttext2  re: te%2x%$
Match char : 2, num: 0
 No match
 No match
=== text: n12n13x47t32...  re: *x%$*
Match char : 7, num: 0
 No match
Match char : t, num: 0
 Match
Match num: %0, len: 2
--- 47 ---
 Matched
stmatch: 47
=== text: n12n13x47t32...  re: *[tx]%$$1*
Match char : 7, num: 0
 No match
Match char : t, num: 0
 Match
Match char : 3, num: 1
 Match
Match num: %0, len: 2
--- 47 ---
 Matched
stmatch: 47
=== text: n12n13x47t32...  re: %[tx]%.*
Match num: %0, len: 5
--- 47t32 ---
Match num: %0, len: 6
--- n12n13 ---
 Matched
stmatch: n12n13
=== text: n12n13x47t32...  re: %[tx]%$*
Match char : 7, num: 0
 No match
Match char : t, num: 0
 Match
Match num: %0, len: 2
--- 47 ---
Match num: %0, len: 6
--- n12n13 ---
 Matched
stmatch: n12n13
=== text: n12n13x47t32...  re: *%x*
Match num: %0, len: 6
--- n12n13 ---
 Matched
stmatch: n12n13
=== text: n12n13x47t32...  re: *32...*x
 No match
a: 1, b: 2
=== text: col1 col2 col3  re: % % %
Match num: %0, len: 4
--- col3 ---
Match num: %0, len: 4
--- col2 ---
Match num: %0, len: 4
--- col1 ---
 Matched
stmatch: col1
=== text: col1 col2 col3  re: *l%*%
Match num: %0, len: 10
---  col2 col3 ---
Match num: %0, len: 1
--- 1 ---
 Matched
stmatch: 1
=== text: col1 col2 col3  re: *%\s%\s%
Match num: %0, len: 4
--- col3 ---
Match num: %0, len: 4
--- col2 ---
Match num: %0, len: 4
--- col1 ---
 Matched
stmatch: col1
=== text: col1 col2 col3  re: *%\S%\s%
Match num: %0, len: 9
--- col2 col3 ---
Match num: %0, len: 2
--- l1 ---
Match num: %0, len: 1
--- c ---
 Matched
stmatch: c
=== text: col1 col2 col3  re: %\s*
Match num: %0, len: 4
--- col1 ---
 Matched
stmatch: col1
=== text: col1 col2 col3  re: %!1\s*
Match num: %0, len: 8
--- col1 col ---
 Matched
stmatch: col1 col
=== text: col1 col2 col3  re: %![123]\s*
Match num: %0, len: 1
--- c ---
 Matched
stmatch: c
=== text: col1 col2 col3  re: %\scol![12]*
Match num: %0, len: 9
--- col1 col2 ---
 Matched
stmatch: col1 col2
=== text: col1 col2  col3  re: %\s!\s*
Match num: %0, len: 4
--- col1 ---
 Matched
stmatch: col1
=== text: col1 col2  col3  re: %!+
Match num: %0, len: 14
--- col1 col2  col ---
 Matched
stmatch: col1 col2  col
=== text: col1 col2  col3  re: %!+c*
Match num: %0, len: 11
--- col1 col2   ---
 Matched
stmatch: col1 col2  
=== text: col1 col2  col3  re: %!+*
Match num: %0, len: 14
--- col1 col2  col ---
 Matched
stmatch: col1 col2  col
=== text: col1 col2  col3  re: %!*
 No match
=== text: col1 col2  col3  re: %!?
 No match
=== text: col1 col2  col3  re: %!+
Match num: %0, len: 14
--- col1 col2  col ---
 Matched
stmatch: col1 col2  col
=== text: col1 col2  col3  re: %!\W
Match num: %0, len: 14
--- col1 col2  col ---
 Matched
stmatch: col1 col2  col
=== text: col1 col2  col3  re: %!?
 No match
=== text: col1 col2  col3  re: %col!+
Match num: %0, len: 11
--- col1 col2   ---
 Matched
stmatch: col1 col2  
