strchr
test
est
r
test
r
test
chr
test
chr
test
ok
ok
