strerror.
strerror.
xxxxxxxxx.Error, errno: 011Error, errno: 223