strstr
test
test
strstr
test
rstr
test
ok
strstr
test
