Makefile
system.c
ret: 0
ret: 2
ret: 0
ret: 127
[32m system tests ok
ret: 0
