start
/bin/mksh
/bin/sh
xx1
ok1
/bin/setenv
xx
ok
TEST: /bin/setenv
ok
TEST: /bin/set
ok
ok
ok
TEST: /bin/setenv
