Fork.
Pid 0
Pid: > 0
Sleep 20ms
Ok.
executed by child, bye.
